[debug] [2026-08-10T03:59:57.228Z] ----------------------------------------------------------------------
[debug] [2026-08-10T03:59:57.231Z] Command:       C:\Program Files\nodejs\node.exe C:\Users\Rakesh\AppData\Roaming\npm\node_modules\firebase-tools\lib\bin\firebase.js deploy --only hosting
[debug] [2026-08-10T03:59:57.231Z] CLI Version:   15.26.0
[debug] [2026-08-10T03:59:57.231Z] Platform:      win32
[debug] [2026-08-10T03:59:57.231Z] Node Version:  v25.2.1
[debug] [2026-08-10T03:59:57.232Z] Detected Agent: antigravity
[debug] [2026-08-10T03:59:57.232Z] Time:          Mon Aug 10 2026 09:29:57 GMT+0530 (India Standard Time)
[debug] [2026-08-10T03:59:57.232Z] ----------------------------------------------------------------------
[debug] 
[debug] [2026-08-10T03:59:59.479Z] > command requires scopes: ["email","openid","https://www.googleapis.com/auth/cloudplatformprojects.readonly","https://www.googleapis.com/auth/firebase","https://www.googleapis.com/auth/cloud-platform"]
[debug] [2026-08-10T03:59:59.479Z] > authorizing via signed-in user (beyondthyme.in@gmail.com)
[debug] [2026-08-10T03:59:59.479Z] [iam] checking project beyond-thyme for permissions ["firebase.projects.get","firebasehosting.sites.update"]
[debug] [2026-08-10T03:59:59.490Z] Checked if tokens are valid: true, expires at: 1786337670943
[debug] [2026-08-10T03:59:59.490Z] Checked if tokens are valid: true, expires at: 1786337670943
[debug] [2026-08-10T03:59:59.491Z] >>> [apiv2][query] POST https://cloudresourcemanager.googleapis.com/v1/projects/beyond-thyme:testIamPermissions [none]
[debug] [2026-08-10T03:59:59.492Z] >>> [apiv2][(partial)header] POST https://cloudresourcemanager.googleapis.com/v1/projects/beyond-thyme:testIamPermissions  x-goog-user-project=beyond-thyme
[debug] [2026-08-10T03:59:59.492Z] >>> [apiv2][body] POST https://cloudresourcemanager.googleapis.com/v1/projects/beyond-thyme:testIamPermissions {"permissions":["firebase.projects.get","firebasehosting.sites.update"]}
[debug] [2026-08-10T04:00:00.839Z] <<< [apiv2][status] POST https://cloudresourcemanager.googleapis.com/v1/projects/beyond-thyme:testIamPermissions 200
[debug] [2026-08-10T04:00:00.839Z] <<< [apiv2][body] POST https://cloudresourcemanager.googleapis.com/v1/projects/beyond-thyme:testIamPermissions {"permissions":["firebase.projects.get","firebasehosting.sites.update"]}
[debug] [2026-08-10T04:00:00.839Z] Checked if tokens are valid: true, expires at: 1786337670943
[debug] [2026-08-10T04:00:00.839Z] Checked if tokens are valid: true, expires at: 1786337670943
[debug] [2026-08-10T04:00:00.840Z] >>> [apiv2][query] GET https://firebase.googleapis.com/v1beta1/projects/beyond-thyme [none]
[debug] [2026-08-10T04:00:01.274Z] <<< [apiv2][status] GET https://firebase.googleapis.com/v1beta1/projects/beyond-thyme 200
[debug] [2026-08-10T04:00:01.274Z] <<< [apiv2][body] GET https://firebase.googleapis.com/v1beta1/projects/beyond-thyme {"projectId":"beyond-thyme","projectNumber":"728549577076","displayName":"BeyondThyme","name":"projects/beyond-thyme","resources":{"hostingSite":"beyond-thyme"},"state":"ACTIVE","labels":{"firebase":"enabled"},"etag":"1_439efa44-7a8a-4f02-b496-819820d61eac"}
[info] 
[info] === Deploying to 'beyond-thyme'...
[info] 
[info] i  deploying hosting 
[debug] [2026-08-10T04:00:01.277Z] Checked if tokens are valid: true, expires at: 1786337670943
[debug] [2026-08-10T04:00:01.277Z] Checked if tokens are valid: true, expires at: 1786337670943
[debug] [2026-08-10T04:00:01.277Z] >>> [apiv2][query] GET https://firebasehosting.googleapis.com/v1beta1/projects/beyond-thyme/sites/beyond-thyme [none]
[debug] [2026-08-10T04:00:02.533Z] <<< [apiv2][status] GET https://firebasehosting.googleapis.com/v1beta1/projects/beyond-thyme/sites/beyond-thyme 200
[debug] [2026-08-10T04:00:02.533Z] <<< [apiv2][body] GET https://firebasehosting.googleapis.com/v1beta1/projects/beyond-thyme/sites/beyond-thyme {"name":"projects/beyond-thyme/sites/beyond-thyme","defaultUrl":"https://beyond-thyme.web.app","appId":"1:728549577076:web:08d77adb29976b984e9c21","type":"DEFAULT_SITE"}
[debug] [2026-08-10T04:00:02.537Z] Checked if tokens are valid: true, expires at: 1786337670943
[debug] [2026-08-10T04:00:02.537Z] Checked if tokens are valid: true, expires at: 1786337670943
[debug] [2026-08-10T04:00:02.538Z] >>> [apiv2][query] POST https://firebasehosting.googleapis.com/v1beta1/projects/-/sites/beyond-thyme/versions [none]
[debug] [2026-08-10T04:00:02.538Z] >>> [apiv2][body] POST https://firebasehosting.googleapis.com/v1beta1/projects/-/sites/beyond-thyme/versions {"status":"CREATED","labels":{"deployment-tool":"cli-firebase"}}
[debug] [2026-08-10T04:00:03.613Z] <<< [apiv2][status] POST https://firebasehosting.googleapis.com/v1beta1/projects/-/sites/beyond-thyme/versions 200
[debug] [2026-08-10T04:00:03.613Z] <<< [apiv2][body] POST https://firebasehosting.googleapis.com/v1beta1/projects/-/sites/beyond-thyme/versions {"name":"projects/728549577076/sites/beyond-thyme/versions/16f2adcc1b0fd3d2","status":"CREATED","config":{},"labels":{"deployment-tool":"cli-firebase"}}
[info] i  hosting[beyond-thyme]: beginning deploy... 
[info] i  hosting[beyond-thyme]: found 14 files in dist 
[debug] [2026-08-10T04:00:03.627Z] [hosting] uploading with 200 concurrency
[debug] [2026-08-10T04:00:03.632Z] Checked if tokens are valid: true, expires at: 1786337670943
[debug] [2026-08-10T04:00:03.632Z] Checked if tokens are valid: true, expires at: 1786337670943
[debug] [2026-08-10T04:00:03.633Z] [hosting] hash cache [ZGlzdA] stored for 14 files
[debug] [2026-08-10T04:00:03.633Z] [hosting][hash queue][FINAL] {"max":1,"min":0,"avg":0,"active":0,"complete":14,"success":14,"errored":0,"retried":0,"total":14,"elapsed":4}
[debug] [2026-08-10T04:00:03.634Z] >>> [apiv2][query] POST https://firebasehosting.googleapis.com/v1beta1/projects/728549577076/sites/beyond-thyme/versions/16f2adcc1b0fd3d2:populateFiles [none]
[debug] [2026-08-10T04:00:03.634Z] >>> [apiv2][body] POST https://firebasehosting.googleapis.com/v1beta1/projects/728549577076/sites/beyond-thyme/versions/16f2adcc1b0fd3d2:populateFiles {"files":{"/terms.html":"52c8369dcdd0565d76a18527e62c0134e6b972bf46e8524a48465100489ef3c6","/privacy.html":"e1ade8ff5098e35acd085487632ea05f96ac1062d453522ba204a8731d1b99e9","/logo.jpg":"2b50b272e97befa99976b5f8a1ec4e3b5e58fea7cf2616cb3d60e0c4fb41c126","/index.html":"ee333e3838aeefdea4ecee35e6d7bdfeda75e6488c1347c387d0df3e3c3d2396","/assets/variables-DqdLrwt2.css":"f5acc57cddeb5c35eed5e6fe1b0bcfbf35bc70d21a881ea95c2377cf58b2be52","/assets/terms-DJkrqKX6.css":"0ee0c4c9481c46096731ddd0dca405895f8d538972cca560f65175e3adfd36c7","/assets/terms-DBvgeh14.js":"6ae8b2cef36ce9a0ce4b3a55d9bd6c5023058079e1d17ac9e8fb78b74b9be803","/assets/purify.es-DP5U8-sc.js":"dbbbf87698636ee40ed24a8d234bc79e70953729a60977a4b5ed640abb1285cc","/assets/privacy-CCk1IHJS.js":"9b3d7147152c72e70530c92f0e10619bdb26e303fa9b30c3d772eab1851a06d4","/assets/privacy-But0zj2G.css":"90414c4bb831ae411d94a472cdfb67927c13f5157f1c16d84c84dcfc42f60a9b","/assets/modulepreload-polyfill-B5Qt9EMX.js":"575f834a2f3271658ca2be6ba7796ad9c071ae5fa05b899e7b0a888a085901d2","/assets/main-mLf1DgIp.css":"2de0665ca5b9cb577e521de63ad56b7925b39bde8c30095250418c2dae6f9128","/assets/main-CJLXDZS8.js":"6290e941b008c559e4a309bb2731726798a3f95443022f9026ba60b0be251f23","/assets/index.es-Cyj3la7v.js":"c29f8b871fb3b0da3a7bb1a5de165204114d4debb077ab86b899676dd2a166ca"}}
